Microchip MPLAB XC8 Compiler V2.40

Linker command line:

-W-3 \
  --edf=C:\Program Files\Microchip\xc8\v2.40\pic\dat\20220703182018_en.msgs \
  -cn -h+dist/default/production\LB6.X.production.sym \
  --cmf=dist/default/production\LB6.X.production.cmf -z -Q18F57Q43 \
  -oC:\Users\pgr01\AppData\Local\Temp\xcAsflg.4 --defsym=__MPLAB_BUILD=1 \
  --fixupoverflow=error -Mdist/default/production/LB6.X.production.map \
  --md=C:\Users\pgr01\AppData\Local\Temp\xcAsflg.dat -E1 -ver=XC8 Compiler \
  --acfsm=1493 -ACODE=00h-01FFFFh -ACONST=00h-01FFFFh \
  -ASMALLCONST=02600h-026FFhx474 \
  -AMEDIUMCONST=02600h-0FFFFh,012600h-01FFFFh -ACOMRAM=0501h-055Fh \
  -AABS1=0500h-024FFh -ABIGRAM=0501h-024FFh \
  -ARAM=0560h-05FFh,0600h-06FFhx31 -ABANK5=0560h-05FFh -ABANK6=0600h-06FFh \
  -ABANK7=0700h-07FFh -ABANK8=0800h-08FFh -ABANK9=0900h-09FFh \
  -ABANK10=0A00h-0AFFh -ABANK11=0B00h-0BFFh -ABANK12=0C00h-0CFFh \
  -ABANK13=0D00h-0DFFh -ABANK14=0E00h-0EFFh -ABANK15=0F00h-0FFFh \
  -ABANK16=01000h-010FFh -ABANK17=01100h-011FFh -ABANK18=01200h-012FFh \
  -ABANK19=01300h-013FFh -ABANK20=01400h-014FFh -ABANK21=01500h-015FFh \
  -ABANK22=01600h-016FFh -ABANK23=01700h-017FFh -ABANK24=01800h-018FFh \
  -ABANK25=01900h-019FFh -ABANK26=01A00h-01AFFh -ABANK27=01B00h-01BFFh \
  -ABANK28=01C00h-01CFFh -ABANK29=01D00h-01DFFh -ABANK30=01E00h-01EFFh \
  -ABANK31=01F00h-01FFFh -ABANK32=02000h-020FFh -ABANK33=02100h-021FFh \
  -ABANK34=02200h-022FFh -ABANK35=02300h-023FFh -ABANK36=02400h-024FFh \
  -ASFR=00h-0FFhx4,0400h-045Fh,0460h-04FFh,02500h-025FFh \
  -ABIGSFR=00h-04FFh,02500h-025FFh -ACONFIG=0300000h-0300011h \
  -AIDLOC=0200000h-020003Fh -AEEDATA=0380000h-03803FFh -peeprom_data=EEDATA \
  -preset_vec=00h -ppowerup=CODE,init -pramtop=02600h \
  -psmallconst=SMALLCONST -pmediumconst=MEDIUMCONST -pconst=CONST \
  -AFARRAM=00h-00h \
  -prdata=COMRAM,nvrram=COMRAM,nvbit=COMRAM,rbss=COMRAM,rbit=COMRAM \
  -pfarbss=FARRAM,fardata=FARRAM,nvFARRAM=FARRAM \
  -pintsave_regs=BIGRAM,bigbss=BIGRAM,bigdata=BIGRAM -pbss=RAM \
  -pidata=CODE,irdata=CODE,ibigdata=CODE,ifardata=CODE -prparam=COMRAM \
  C:\Users\pgr01\AppData\Local\Temp\xcAsflg.o \
  dist/default/production\LB6.X.production.o 

Object code version is 3.11

Machine type is 18F57Q43



                Name                               Link     Load   Length Selector   Space Scale
C:\Users\pgr01\AppData\Local\Temp\xcAsflg.o
                idloc                            200000   200000       40        0       5
                config                           300000   300000        A        0       4
                init                              1FFFC    1FFFC        4     FFFE       0
                reset_vec                             0        0        4        0       0
dist/default/production\LB6.X.production.o
                idloc                            200000   200000       40        0       5
                config                           300000   300000        A        0       4
                smallconst                         2600     2600       80     1300       0
                text7                              2B28     2B28       1C     1340       0
                text6                              2A40     2A40       A4     1340       0
                text5                              2AE4     2AE4       24     1340       0
                text4                              2B6E     2B6E        E     1340       0
                text3                              2680     2680      2A4     1340       0
                text2                              2924     2924      11C     1340       0
                text1                              2B08     2B08       20     1340       0
                text0                              2B44     2B44       18     1340       0
                cstackCOMRAM                        501      501        7      501       1
                bssCOMRAM                           508      508        6      501       1
                cinit                              2B5C     2B5C       12     1340       0

TOTAL           Name                               Link     Load   Length     Space
        CLASS   CODE           
                init                              1FFFC    1FFFC        4         0
                reset_vec                             0        0        4         0
                text7                              2B28     2B28       1C         0
                text6                              2A40     2A40       A4         0
                text5                              2AE4     2AE4       24         0
                text4                              2B6E     2B6E        E         0
                text3                              2680     2680      2A4         0
                text2                              2924     2924      11C         0
                text1                              2B08     2B08       20         0
                text0                              2B44     2B44       18         0
                cinit                              2B5C     2B5C       12         0

        CLASS   CONST          

        CLASS   SMALLCONST     
                smallconst                         2600     2600       80         0

        CLASS   MEDIUMCONST    

        CLASS   COMRAM         
                cstackCOMRAM                        501      501        7         1
                bssCOMRAM                           508      508        6         1

        CLASS   ABS1           

        CLASS   BIGRAM         

        CLASS   RAM            

        CLASS   BANK5          

        CLASS   BANK6          

        CLASS   BANK7          

        CLASS   BANK8          

        CLASS   BANK9          

        CLASS   BANK10         

        CLASS   BANK11         

        CLASS   BANK12         

        CLASS   BANK13         

        CLASS   BANK14         

        CLASS   BANK15         

        CLASS   BANK16         

        CLASS   BANK17         

        CLASS   BANK18         

        CLASS   BANK19         

        CLASS   BANK20         

        CLASS   BANK21         

        CLASS   BANK22         

        CLASS   BANK23         

        CLASS   BANK24         

        CLASS   BANK25         

        CLASS   BANK26         

        CLASS   BANK27         

        CLASS   BANK28         

        CLASS   BANK29         

        CLASS   BANK30         

        CLASS   BANK31         

        CLASS   BANK32         

        CLASS   BANK33         

        CLASS   BANK34         

        CLASS   BANK35         

        CLASS   BANK36         

        CLASS   SFR            

        CLASS   BIGSFR         

        CLASS   CONFIG         
                config                           300000   300000        A         4

        CLASS   IDLOC          
                idloc                            200000   200000       40         5

        CLASS   EEDATA         

        CLASS   FARRAM         

        CLASS   HEAP           

        CLASS   STACK          



SEGMENTS        Name                           Load    Length   Top    Selector   Space  Class

                reset_vec                      000000  000004  000004         0       0  CODE    
                cstackCOMRAM                   000501  00000D  00050E       501       1  COMRAM  
                smallconst                     002600  000080  002680      1300       0  SMALLCON
                text3                          002680  0004FC  002B7C      1340       0  CODE    
                init                           01FFFC  000004  020000      FFFE       0  CODE    


UNUSED ADDRESS RANGES

        Name                Unused          Largest block    Delta
        BANK10           000A00-000AFF              100
        BANK11           000B00-000BFF              100
        BANK12           000C00-000CFF              100
        BANK13           000D00-000DFF              100
        BANK14           000E00-000EFF              100
        BANK15           000F00-000FFF              100
        BANK16           001000-0010FF              100
        BANK17           001100-0011FF              100
        BANK18           001200-0012FF              100
        BANK19           001300-0013FF              100
        BANK20           001400-0014FF              100
        BANK21           001500-0015FF              100
        BANK22           001600-0016FF              100
        BANK23           001700-0017FF              100
        BANK24           001800-0018FF              100
        BANK25           001900-0019FF              100
        BANK26           001A00-001AFF              100
        BANK27           001B00-001BFF              100
        BANK28           001C00-001CFF              100
        BANK29           001D00-001DFF              100
        BANK30           001E00-001EFF              100
        BANK31           001F00-001FFF              100
        BANK32           002000-0020FF              100
        BANK33           002100-0021FF              100
        BANK34           002200-0022FF              100
        BANK35           002300-0023FF              100
        BANK36           002400-0024FF              100
        BANK5            000560-0005FF               A0
        BANK6            000600-0006FF              100
        BANK7            000700-0007FF              100
        BANK8            000800-0008FF              100
        BANK9            000900-0009FF              100
        BIGRAM           00050E-0024FF             1FF2
        BIGSFR           000000-0004FF              500
                         002500-0025FF              100
        CODE             000004-0025FF             25FC
                         002B7C-01FFFB            1D480
        COMRAM           00050E-00055F               52
        CONFIG           30000A-300011                8
        CONST            000004-0025FF             25FC
                         002B7C-01FFFB            1D480
        EEDATA           380000-3803FF              400
        MEDIUMCONST      002B7C-00FFFF             D484
                         012600-01FFFB             D9FC
        RAM              000560-0024FF              100
        SFR              000000-0004FF              100
                         002500-0025FF              100
        SMALLCONST       002B7C-01FFFB              100

                                  Symbol Table

_ACTCON                          (abs)        0000AC
_ANSELA                          (abs)        000400
_ANSELB                          (abs)        000408
_ANSELC                          (abs)        000410
_ANSELD                          (abs)        000418
_ANSELE                          (abs)        000420
_ANSELF                          (abs)        000428
_INLVLA                          (abs)        000404
_INLVLB                          (abs)        00040C
_INLVLC                          (abs)        000414
_INLVLD                          (abs)        00041C
_INLVLE                          (abs)        000424
_INLVLF                          (abs)        00042C
_LATA                            (abs)        0004BE
_LATB                            (abs)        0004BF
_LATC                            (abs)        0004C0
_LATD                            (abs)        0004C1
_LATE                            (abs)        0004C2
_LATF                            (abs)        0004C3
_LATFbits                        (abs)        0004C3
_ODCONA                          (abs)        000402
_ODCONB                          (abs)        00040A
_ODCONC                          (abs)        000412
_ODCOND                          (abs)        00041A
_ODCONE                          (abs)        000422
_ODCONF                          (abs)        00042A
_OSCCON1                         (abs)        0000AD
_OSCCON3                         (abs)        0000AF
_OSCEN                           (abs)        0000B3
_OSCFRQ                          (abs)        0000B1
_OSCILLATOR_Initialize           text7        002B28
_OSCTUNE                         (abs)        0000B0
_PIN_MANAGER_Initialize          text6        002A40
_PMD0                            (abs)        000060
_PMD1                            (abs)        000061
_PMD3                            (abs)        000063
_PMD4                            (abs)        000064
_PMD5                            (abs)        000065
_PMD6                            (abs)        000066
_PMD7                            (abs)        000067
_PMD8                            (abs)        000068
_PMD_Initialize                  text5        002AE4
_PORTFbits                       (abs)        0004D3
_RB1I2C                          (abs)        000289
_RB2I2C                          (abs)        000288
_RC3I2C                          (abs)        000287
_RC4I2C                          (abs)        000286
_SLRCONA                         (abs)        000403
_SLRCONB                         (abs)        00040B
_SLRCONC                         (abs)        000413
_SLRCOND                         (abs)        00041B
_SLRCONE                         (abs)        000423
_SLRCONF                         (abs)        00042B
_SYSTEM_Initialize               text4        002B6E
_TRISA                           (abs)        0004C6
_TRISB                           (abs)        0004C7
_TRISC                           (abs)        0004C8
_TRISD                           (abs)        0004C9
_TRISE                           (abs)        0004CA
_TRISF                           (abs)        0004CB
_WPUA                            (abs)        000401
_WPUB                            (abs)        000409
_WPUC                            (abs)        000411
_WPUD                            (abs)        000419
_WPUE                            (abs)        000421
_WPUF                            (abs)        000429
__HRAM                           (abs)        000000
__Habs1                          abs1         000000
__Hbank10                        bank10       000000
__Hbank11                        bank11       000000
__Hbank12                        bank12       000000
__Hbank13                        bank13       000000
__Hbank14                        bank14       000000
__Hbank15                        bank15       000000
__Hbank16                        bank16       000000
__Hbank17                        bank17       000000
__Hbank18                        bank18       000000
__Hbank19                        bank19       000000
__Hbank20                        bank20       000000
__Hbank21                        bank21       000000
__Hbank22                        bank22       000000
__Hbank23                        bank23       000000
__Hbank24                        bank24       000000
__Hbank25                        bank25       000000
__Hbank26                        bank26       000000
__Hbank27                        bank27       000000
__Hbank28                        bank28       000000
__Hbank29                        bank29       000000
__Hbank30                        bank30       000000
__Hbank31                        bank31       000000
__Hbank32                        bank32       000000
__Hbank33                        bank33       000000
__Hbank34                        bank34       000000
__Hbank35                        bank35       000000
__Hbank36                        bank36       000000
__Hbank5                         bank5        000000
__Hbank6                         bank6        000000
__Hbank7                         bank7        000000
__Hbank8                         bank8        000000
__Hbank9                         bank9        000000
__Hbigbss                        bigbss       000000
__Hbigdata                       bigdata      000000
__Hbigram                        bigram       000000
__Hbigsfr                        bigsfr       000000
__Hbss                           bss          000000
__HbssCOMRAM                     bssCOMRAM    000000
__Hcinit                         cinit        000000
__Hclrtext                       clrtext      000000
__Hcomram                        comram       000000
__Hconfig                        config       30000A
__Hconst                         const        000000
__HcstackCOMRAM                  cstackCOMRAM 000000
__Hdata                          data         000000
__Heeprom_data                   eeprom_data  000000
__Hfarbss                        farbss       000000
__Hfardata                       fardata      000000
__Hheap                          heap         000000
__Hibigdata                      ibigdata     000000
__Hidata                         idata        000000
__Hidloc                         idloc        200040
__Hifardata                      ifardata     000000
__Hinit                          init         020000
__Hintsave_regs                  intsave_regs 000000
__Hirdata                        irdata       000000
__Hmediumconst                   mediumconst  000000
__HnvFARRAM                      nvFARRAM     000000
__Hnvbit                         nvbit        000000
__Hnvrram                        nvrram       000000
__Hparam                         rparam       000000
__Hpowerup                       powerup      000000
__Hram                           ram          000000
__Hramtop                        ramtop       002600
__Hrbit                          rbit         000000
__Hrbss                          rbss         000000
__Hrdata                         rdata        000000
__Hreset_vec                     reset_vec    000004
__Hrparam                        rparam       000000
__Hsfr                           sfr          000000
__Hsmallconst                    smallconst   002680
__Hspace_0                       (abs)        020000
__Hspace_1                       (abs)        00050E
__Hspace_2                       (abs)        000000
__Hspace_4                       (abs)        60000A
__Hstack                         stack        000000
__Hstruct                        struct       000000
__Htemp                          temp         000000
__Htext                          text         000000
__Htext0                         text0        000000
__Htext1                         text1        000000
__Htext2                         text2        000000
__Htext3                         text3        000000
__Htext4                         text4        000000
__Htext5                         text5        000000
__Htext6                         text6        000000
__Htext7                         text7        000000
__LRAM                           (abs)        000001
__Labs1                          abs1         000000
__Lbank10                        bank10       000000
__Lbank11                        bank11       000000
__Lbank12                        bank12       000000
__Lbank13                        bank13       000000
__Lbank14                        bank14       000000
__Lbank15                        bank15       000000
__Lbank16                        bank16       000000
__Lbank17                        bank17       000000
__Lbank18                        bank18       000000
__Lbank19                        bank19       000000
__Lbank20                        bank20       000000
__Lbank21                        bank21       000000
__Lbank22                        bank22       000000
__Lbank23                        bank23       000000
__Lbank24                        bank24       000000
__Lbank25                        bank25       000000
__Lbank26                        bank26       000000
__Lbank27                        bank27       000000
__Lbank28                        bank28       000000
__Lbank29                        bank29       000000
__Lbank30                        bank30       000000
__Lbank31                        bank31       000000
__Lbank32                        bank32       000000
__Lbank33                        bank33       000000
__Lbank34                        bank34       000000
__Lbank35                        bank35       000000
__Lbank36                        bank36       000000
__Lbank5                         bank5        000000
__Lbank6                         bank6        000000
__Lbank7                         bank7        000000
__Lbank8                         bank8        000000
__Lbank9                         bank9        000000
__Lbigbss                        bigbss       000000
__Lbigdata                       bigdata      000000
__Lbigram                        bigram       000000
__Lbigsfr                        bigsfr       000000
__Lbss                           bss          000000
__LbssCOMRAM                     bssCOMRAM    000000
__Lcinit                         cinit        000000
__Lclrtext                       clrtext      000000
__Lcomram                        comram       000000
__Lconfig                        config       000000
__Lconst                         const        000000
__LcstackCOMRAM                  cstackCOMRAM 000000
__Ldata                          data         000000
__Leeprom_data                   eeprom_data  000000
__Lfarbss                        farbss       000000
__Lfardata                       fardata      000000
__Lheap                          heap         000000
__Libigdata                      ibigdata     000000
__Lidata                         idata        000000
__Lidloc                         idloc        000000
__Lifardata                      ifardata     000000
__Linit                          init         01FFFC
__Lintsave_regs                  intsave_regs 000000
__Lirdata                        irdata       000000
__Lmediumconst                   mediumconst  000000
__LnvFARRAM                      nvFARRAM     000000
__Lnvbit                         nvbit        000000
__Lnvrram                        nvrram       000000
__Lparam                         rparam       000000
__Lpowerup                       powerup      000000
__Lram                           ram          000000
__Lramtop                        ramtop       002600
__Lrbit                          rbit         000000
__Lrbss                          rbss         000000
__Lrdata                         rdata        000000
__Lreset_vec                     reset_vec    000000
__Lrparam                        rparam       000000
__Lsfr                           sfr          000000
__Lsmallconst                    smallconst   002600
__Lspace_0                       (abs)        000000
__Lspace_1                       (abs)        000000
__Lspace_2                       (abs)        000000
__Lspace_4                       (abs)        000000
__Lstack                         stack        000000
__Lstruct                        struct       000000
__Ltemp                          temp         000000
__Ltext                          text         000000
__Ltext0                         text0        000000
__Ltext1                         text1        000000
__Ltext2                         text2        000000
__Ltext3                         text3        000000
__Ltext4                         text4        000000
__Ltext5                         text5        000000
__Ltext6                         text6        000000
__Ltext7                         text7        000000
__S0                             (abs)        020000
__S1                             (abs)        00050E
__S4                             (abs)        000000
__S5                             (abs)        000000
___heap_hi                       (abs)        000000
___heap_lo                       (abs)        000000
___inthi_sp                      stack        000000
___intlo_sp                      stack        000000
___param_bank                    (abs)        000000
___rparam_used                   (abs)        000001
___sp                            stack        000000
__accesstop                      (abs)        000560
__activetblptr                   (abs)        000003
__end_of_L1                      smallconst   00265D
__end_of_L2                      smallconst   002659
__end_of_L3                      smallconst   002655
__end_of_L4                      smallconst   002651
__end_of_L5                      smallconst   00264D
__end_of_L6                      smallconst   002649
__end_of_OSCILLATOR_Initialize   text7        002B44
__end_of_P1                      smallconst   002645
__end_of_P2                      smallconst   002641
__end_of_P3                      smallconst   00263D
__end_of_P4                      smallconst   002639
__end_of_P5                      smallconst   002635
__end_of_PIN_MANAGER_Initialize  text6        002AE4
__end_of_PMD_Initialize          text5        002B08
__end_of_SYSTEM_Initialize       text4        002B7C
__end_of__initialization         cinit        002B68
__end_of_bp                      smallconst   002671
__end_of_char_to_seg             text2        002A40
__end_of_cp                      smallconst   002621
__end_of_cp_h                    smallconst   00267D
__end_of_cp_l                    smallconst   002679
__end_of_dp_h                    smallconst   002611
__end_of_dp_l                    smallconst   002609
__end_of_huge                    smallconst   002665
__end_of_ivln2                   smallconst   00261D
__end_of_ivln2_h                 smallconst   002675
__end_of_ivln2_l                 smallconst   002619
__end_of_key_scanner             text3        002924
__end_of_lg2                     smallconst   002631
__end_of_lg2_h                   smallconst   00262D
__end_of_lg2_l                   smallconst   002629
__end_of_main                    text0        002B5C
__end_of_ovt                     smallconst   002625
__end_of_send_to_disp_scan       text1        002B28
__end_of_tiny                    smallconst   002661
__end_of_tiny@sqrtf$F758         smallconst   002615
__end_of_two24                   smallconst   002669
__initialization                 cinit        002B5C
__mediumconst                    mediumconst  000000
__pbssCOMRAM                     bssCOMRAM    000508
__pcinit                         cinit        002B5C
__pcstackCOMRAM                  cstackCOMRAM 000501
__psmallconst                    smallconst   002600
__ptext0                         text0        002B44
__ptext1                         text1        002B08
__ptext2                         text2        002924
__ptext3                         text3        002680
__ptext4                         text4        002B6E
__ptext5                         text5        002AE4
__ptext6                         text6        002A40
__ptext7                         text7        002B28
__ramtop                         ramtop       002600
__smallconst                     smallconst   002600
_char_to_seg                     text2        002924
_errno                           bssCOMRAM    00050C
_key_scanner                     text3        002680
_main                            text0        002B44
_send_to_disp_scan               text1        002B08
char_to_seg@num                  cstackCOMRAM 000503
char_to_seg@segments             cstackCOMRAM 000504
end_of_initialization            cinit        002B68
intlevel0                        text         000000
intlevel1                        text         000000
intlevel2                        text         000000
intlevel3                        text         000000
isa$std                          (abs)        000001
isa$xinst                        (abs)        000000
main@key                         cstackCOMRAM 000507
send_to_disp_scan@disp_word_scan cstackCOMRAM 000506
stackhi                          (abs)        000000
stacklo                          (abs)        000000
start                            init         01FFFC
start_initialization             cinit        002B5C


MODULE INFORMATION

Module		Function		Class		Link	Load	Size
mcc_generated_files/pin_manager.c
		_PIN_MANAGER_Initialize		CODE           	2A40	0000	164

mcc_generated_files/pin_manager.c estimated size: 164

shared
		_L5            		SMALLCONST     	0000	0000	0
		_P3            		SMALLCONST     	0000	0000	0
		_L6            		SMALLCONST     	0000	0000	0
		_P4            		SMALLCONST     	0000	0000	0
		_P5            		SMALLCONST     	0000	0000	0
		_tiny@sqrtf$F758		SMALLCONST     	0000	0000	0
		_lg2_l         		SMALLCONST     	0000	0000	0
		_ivln2_l       		SMALLCONST     	0000	0000	0
		_ivln2         		SMALLCONST     	0000	0000	0
		__initialization		CODE           	2B5C	0000	12
		_bp            		SMALLCONST     	0000	0000	0
		_cp            		SMALLCONST     	0000	0000	0
		_cp_h          		SMALLCONST     	0000	0000	0
		_dp_h          		SMALLCONST     	0000	0000	0
		_lg2           		SMALLCONST     	0000	0000	0
		_lg2_h         		SMALLCONST     	0000	0000	0
		_ivln2_h       		SMALLCONST     	0000	0000	0
		_tiny          		SMALLCONST     	0000	0000	0
		_ovt           		SMALLCONST     	0000	0000	0
		_huge          		SMALLCONST     	0000	0000	0
		_two24         		SMALLCONST     	0000	0000	0
		_cp_l          		SMALLCONST     	0000	0000	0
		_dp_l          		SMALLCONST     	0000	0000	0
		_L1            		SMALLCONST     	0000	0000	0
		_L2            		SMALLCONST     	0000	0000	0
		_L3            		SMALLCONST     	0000	0000	0
		_P1            		SMALLCONST     	0000	0000	0
		_L4            		SMALLCONST     	0000	0000	0
		_P2            		SMALLCONST     	0000	0000	0

shared estimated size: 12

mcc_generated_files/mcc.c
		_PMD_Initialize		CODE           	2AE4	0000	36
		_OSCILLATOR_Initialize		CODE           	2B28	0000	28
		_SYSTEM_Initialize		CODE           	2B6E	0000	14

mcc_generated_files/mcc.c estimated size: 78

main.c
		_main          		CODE           	2B44	0000	24
		_key_scanner   		CODE           	2680	0000	676
		_send_to_disp_scan		CODE           	2B08	0000	32
		_char_to_seg   		CODE           	2924	0000	284

main.c estimated size: 1016

